2026-08-06T18:17:31.000Z INFO  [OrderService] Solicitud procesada correctamente status=200 tiempo_ms=70
2026-08-06T18:55:10.000Z INFO  [AuthService] Stock actualizado correctamente status=201 tiempo_ms=62
2026-08-06T22:15:11.000Z INFO  [OrderService] Usuario autenticado con exito status=201 tiempo_ms=198
2026-08-06T23:18:28.000Z INFO  [AuthService] Solicitud procesada correctamente status=201 tiempo_ms=110
2026-08-06T23:49:46.000Z INFO  [InventoryService] Pedido creado sin incidencias status=200 tiempo_ms=94
2026-08-07T04:24:51.000Z INFO  [PaymentGateway] Notificacion enviada al usuario status=200 tiempo_ms=202
2026-08-07T06:11:12.000Z INFO  [NotificationWorker] Solicitud procesada correctamente status=200 tiempo_ms=35
2026-08-07T07:02:45.000Z ERROR [AuthService] Timeout esperando respuesta del proveedor de pago status=500 tiempo_ms=2761
2026-08-07T09:01:38.000Z INFO  [PaymentGateway] Solicitud procesada correctamente status=200 tiempo_ms=104
2026-08-07T14:27:11.000Z INFO  [InventoryService] Solicitud procesada correctamente status=200 tiempo_ms=120
2026-08-07T14:38:13.000Z INFO  [PaymentGateway] Solicitud procesada correctamente status=200 tiempo_ms=39
2026-08-07T18:42:24.000Z INFO  [PaymentGateway] Usuario autenticado con exito status=200 tiempo_ms=137
2026-08-07T21:15:28.000Z INFO  [InventoryService] Solicitud procesada correctamente status=200 tiempo_ms=67
2026-08-08T03:31:03.000Z INFO  [AuthService] Solicitud procesada correctamente status=200 tiempo_ms=178
2026-08-08T16:00:27.000Z INFO  [NotificationWorker] Stock actualizado correctamente status=200 tiempo_ms=75
2026-08-08T17:14:45.000Z INFO  [AuthService] Usuario autenticado con exito status=201 tiempo_ms=15
2026-08-08T19:46:27.000Z INFO  [PaymentGateway] Notificacion enviada al usuario status=200 tiempo_ms=192
2026-08-08T20:38:11.000Z INFO  [NotificationWorker] Notificacion enviada al usuario status=200 tiempo_ms=142
2026-08-08T20:50:33.000Z INFO  [AuthService] Notificacion enviada al usuario status=201 tiempo_ms=58
2026-08-09T04:56:58.000Z INFO  [AuthService] Usuario autenticado con exito status=200 tiempo_ms=182
2026-08-09T06:13:14.000Z INFO  [NotificationWorker] Pago confirmado por el proveedor status=200 tiempo_ms=200
2026-08-09T07:22:13.000Z INFO  [InventoryService] Solicitud procesada correctamente status=200 tiempo_ms=99
2026-08-09T08:39:38.000Z INFO  [PaymentGateway] Stock actualizado correctamente status=200 tiempo_ms=33
2026-08-09T10:12:33.000Z ERROR [PaymentGateway] Timeout esperando respuesta del proveedor de pago status=500 tiempo_ms=2848
2026-08-09T13:00:23.000Z INFO  [AuthService] Usuario autenticado con exito status=200 tiempo_ms=195
2026-08-09T13:09:01.000Z WARN  [InventoryService] Reintentando conexion con servicio externo status=202 tiempo_ms=892
2026-08-09T17:44:34.000Z WARN  [PaymentGateway] Reintentando conexion con servicio externo status=408 tiempo_ms=352
2026-08-09T23:19:12.000Z INFO  [NotificationWorker] Notificacion enviada al usuario status=200 tiempo_ms=210
2026-08-10T03:31:14.000Z INFO  [NotificationWorker] Solicitud procesada correctamente status=201 tiempo_ms=196
2026-08-10T03:34:51.000Z INFO  [PaymentGateway] Pago confirmado por el proveedor status=200 tiempo_ms=190
2026-08-10T06:21:41.000Z INFO  [InventoryService] Usuario autenticado con exito status=200 tiempo_ms=89
2026-08-10T10:53:39.000Z INFO  [PaymentGateway] Solicitud procesada correctamente status=200 tiempo_ms=152
2026-08-10T15:43:37.000Z ERROR [OrderService] Fallo al conectar con la base de datos status=502 tiempo_ms=1220
2026-08-10T23:51:30.000Z ERROR [PaymentGateway] Fallo al conectar con la base de datos status=503 tiempo_ms=959
2026-08-11T01:55:55.000Z INFO  [InventoryService] Stock actualizado correctamente status=200 tiempo_ms=19
2026-08-11T04:16:17.000Z INFO  [AuthService] Pedido creado sin incidencias status=200 tiempo_ms=105
2026-08-11T10:13:28.000Z INFO  [OrderService] Notificacion enviada al usuario status=201 tiempo_ms=35
2026-08-11T17:26:10.000Z ERROR [AuthService] Fallo al conectar con la base de datos status=500 tiempo_ms=2988
2026-08-11T22:03:14.000Z INFO  [NotificationWorker] Solicitud procesada correctamente status=200 tiempo_ms=24
2026-08-12T03:46:27.000Z INFO  [PaymentGateway] Pedido creado sin incidencias status=200 tiempo_ms=99
2026-08-12T06:06:02.000Z WARN  [InventoryService] Tiempo de respuesta elevado detectado status=200 tiempo_ms=318
2026-08-12T08:50:50.000Z INFO  [PaymentGateway] Stock actualizado correctamente status=200 tiempo_ms=150
2026-08-12T08:52:53.000Z WARN  [NotificationWorker] Tiempo de respuesta elevado detectado status=408 tiempo_ms=747
2026-08-12T11:44:46.000Z INFO  [OrderService] Pago confirmado por el proveedor status=201 tiempo_ms=76
2026-08-12T13:34:22.000Z WARN  [NotificationWorker] Tiempo de respuesta elevado detectado status=202 tiempo_ms=329
2026-08-12T14:37:52.000Z WARN  [InventoryService] Reintentando conexion con servicio externo status=408 tiempo_ms=228
2026-08-12T18:56:06.000Z INFO  [OrderService] Pedido creado sin incidencias status=200 tiempo_ms=130
2026-08-12T19:09:35.000Z WARN  [AuthService] Reintentando conexion con servicio externo status=202 tiempo_ms=507
2026-08-12T21:56:23.000Z ERROR [InventoryService] Timeout esperando respuesta del proveedor de pago status=500 tiempo_ms=1942
2026-08-13T00:40:40.000Z INFO  [AuthService] Pedido creado sin incidencias status=200 tiempo_ms=34
2026-08-13T03:03:15.000Z INFO  [PaymentGateway] Usuario autenticado con exito status=200 tiempo_ms=199
2026-08-13T07:17:45.000Z INFO  [NotificationWorker] Solicitud procesada correctamente status=200 tiempo_ms=87
2026-08-13T09:32:22.000Z INFO  [InventoryService] Pago confirmado por el proveedor status=200 tiempo_ms=47
2026-08-13T10:06:08.000Z INFO  [InventoryService] Notificacion enviada al usuario status=200 tiempo_ms=121
2026-08-13T12:38:18.000Z INFO  [OrderService] Notificacion enviada al usuario status=200 tiempo_ms=36
2026-08-13T12:59:40.000Z INFO  [AuthService] Usuario autenticado con exito status=200 tiempo_ms=88
2026-08-13T14:17:13.000Z INFO  [NotificationWorker] Stock actualizado correctamente status=200 tiempo_ms=199
2026-08-13T16:50:03.000Z INFO  [AuthService] Solicitud procesada correctamente status=200 tiempo_ms=119
2026-08-13T19:28:39.000Z INFO  [InventoryService] Usuario autenticado con exito status=200 tiempo_ms=206
2026-08-13T20:46:54.000Z INFO  [PaymentGateway] Notificacion enviada al usuario status=201 tiempo_ms=133
2026-08-14T01:53:59.000Z WARN  [InventoryService] Cache expirado, recalculando valores status=200 tiempo_ms=358
2026-08-14T12:43:25.000Z INFO  [NotificationWorker] Pago confirmado por el proveedor status=200 tiempo_ms=136
2026-08-14T20:17:02.000Z WARN  [NotificationWorker] Cache expirado, recalculando valores status=202 tiempo_ms=325
2026-08-14T22:44:24.000Z ERROR [PaymentGateway] Timeout esperando respuesta del proveedor de pago status=502 tiempo_ms=2885
2026-08-14T23:41:42.000Z WARN  [InventoryService] Tiempo de respuesta elevado detectado status=408 tiempo_ms=674
2026-08-15T00:11:59.000Z INFO  [InventoryService] Pedido creado sin incidencias status=201 tiempo_ms=131
2026-08-15T07:02:49.000Z INFO  [InventoryService] Pago confirmado por el proveedor status=200 tiempo_ms=102
2026-08-15T08:42:58.000Z INFO  [AuthService] Solicitud procesada correctamente status=200 tiempo_ms=214
2026-08-15T09:11:57.000Z INFO  [NotificationWorker] Stock actualizado correctamente status=200 tiempo_ms=108
2026-08-15T09:17:53.000Z INFO  [InventoryService] Usuario autenticado con exito status=200 tiempo_ms=128
2026-08-15T12:28:56.000Z INFO  [OrderService] Solicitud procesada correctamente status=201 tiempo_ms=108
2026-08-15T15:45:05.000Z INFO  [OrderService] Notificacion enviada al usuario status=200 tiempo_ms=130
2026-08-15T17:31:51.000Z WARN  [AuthService] Cache expirado, recalculando valores status=202 tiempo_ms=548
2026-08-15T21:29:59.000Z WARN  [InventoryService] Tiempo de respuesta elevado detectado status=202 tiempo_ms=878
2026-08-16T06:05:33.000Z WARN  [NotificationWorker] Reintentando conexion con servicio externo status=200 tiempo_ms=333
2026-08-16T08:03:44.000Z INFO  [AuthService] Usuario autenticado con exito status=200 tiempo_ms=63
2026-08-16T14:25:14.000Z INFO  [NotificationWorker] Stock actualizado correctamente status=200 tiempo_ms=114
2026-08-16T18:32:24.000Z WARN  [InventoryService] Tiempo de respuesta elevado detectado status=408 tiempo_ms=530
2026-08-16T22:05:33.000Z INFO  [InventoryService] Solicitud procesada correctamente status=200 tiempo_ms=55
2026-08-16T22:52:48.000Z WARN  [NotificationWorker] Cache expirado, recalculando valores status=202 tiempo_ms=340
2026-08-16T23:18:36.000Z WARN  [AuthService] Tiempo de respuesta elevado detectado status=408 tiempo_ms=893
2026-08-17T01:23:58.000Z INFO  [OrderService] Pago confirmado por el proveedor status=200 tiempo_ms=160
2026-08-17T04:15:10.000Z INFO  [NotificationWorker] Notificacion enviada al usuario status=201 tiempo_ms=154
2026-08-17T07:10:34.000Z INFO  [PaymentGateway] Pedido creado sin incidencias status=200 tiempo_ms=160
2026-08-17T07:15:36.000Z INFO  [InventoryService] Usuario autenticado con exito status=200 tiempo_ms=207
2026-08-17T13:16:41.000Z INFO  [AuthService] Notificacion enviada al usuario status=200 tiempo_ms=15
2026-08-17T13:25:19.000Z INFO  [OrderService] Stock actualizado correctamente status=200 tiempo_ms=166
2026-08-17T17:49:27.000Z WARN  [NotificationWorker] Reintentando conexion con servicio externo status=202 tiempo_ms=363
2026-08-17T19:24:19.000Z ERROR [OrderService] Excepcion no controlada al procesar el pedido status=503 tiempo_ms=1494
2026-08-17T21:05:44.000Z INFO  [InventoryService] Stock actualizado correctamente status=200 tiempo_ms=174
2026-08-17T21:18:30.000Z INFO  [PaymentGateway] Pedido creado sin incidencias status=200 tiempo_ms=96
2026-08-18T03:08:50.000Z INFO  [PaymentGateway] Notificacion enviada al usuario status=201 tiempo_ms=119
2026-08-18T04:16:15.000Z INFO  [AuthService] Solicitud procesada correctamente status=200 tiempo_ms=63
2026-08-18T04:24:28.000Z INFO  [NotificationWorker] Usuario autenticado con exito status=200 tiempo_ms=197
2026-08-18T04:37:15.000Z INFO  [InventoryService] Usuario autenticado con exito status=201 tiempo_ms=181
2026-08-18T05:20:08.000Z INFO  [AuthService] Pago confirmado por el proveedor status=200 tiempo_ms=54
2026-08-18T07:59:54.000Z INFO  [InventoryService] Stock actualizado correctamente status=201 tiempo_ms=164
2026-08-18T10:56:46.000Z INFO  [InventoryService] Pago confirmado por el proveedor status=201 tiempo_ms=35
2026-08-18T11:20:37.000Z INFO  [InventoryService] Notificacion enviada al usuario status=200 tiempo_ms=103
2026-08-18T12:49:14.000Z INFO  [InventoryService] Pago confirmado por el proveedor status=200 tiempo_ms=188
2026-08-18T14:53:17.000Z INFO  [NotificationWorker] Notificacion enviada al usuario status=200 tiempo_ms=28
2026-08-18T20:25:16.000Z INFO  [InventoryService] Stock actualizado correctamente status=200 tiempo_ms=169
2026-08-19T00:46:04.000Z INFO  [AuthService] Pedido creado sin incidencias status=200 tiempo_ms=211
2026-08-19T04:39:25.000Z INFO  [PaymentGateway] Usuario autenticado con exito status=201 tiempo_ms=134
2026-08-19T08:40:28.000Z WARN  [InventoryService] Reintentando conexion con servicio externo status=200 tiempo_ms=819
2026-08-19T13:38:34.000Z INFO  [OrderService] Notificacion enviada al usuario status=200 tiempo_ms=172
2026-08-19T18:26:41.000Z ERROR [OrderService] Excepcion no controlada al procesar el pedido status=503 tiempo_ms=1689
2026-08-19T20:50:19.000Z INFO  [AuthService] Usuario autenticado con exito status=200 tiempo_ms=96
2026-08-19T21:50:09.000Z INFO  [NotificationWorker] Notificacion enviada al usuario status=200 tiempo_ms=211
2026-08-20T04:09:42.000Z WARN  [PaymentGateway] Tiempo de respuesta elevado detectado status=200 tiempo_ms=836
2026-08-20T04:13:06.000Z INFO  [InventoryService] Notificacion enviada al usuario status=201 tiempo_ms=109
2026-08-20T06:51:56.000Z ERROR [NotificationWorker] Fallo al conectar con la base de datos status=503 tiempo_ms=2043
2026-08-20T07:19:16.000Z INFO  [NotificationWorker] Stock actualizado correctamente status=201 tiempo_ms=196
2026-08-20T18:58:06.000Z INFO  [PaymentGateway] Pago confirmado por el proveedor status=201 tiempo_ms=73
2026-08-20T20:30:52.000Z WARN  [InventoryService] Cache expirado, recalculando valores status=202 tiempo_ms=541
2026-08-20T22:12:05.000Z INFO  [OrderService] Usuario autenticado con exito status=201 tiempo_ms=75
2026-08-21T00:30:57.000Z ERROR [PaymentGateway] Timeout esperando respuesta del proveedor de pago status=502 tiempo_ms=2685
2026-08-21T04:06:37.000Z INFO  [InventoryService] Stock actualizado correctamente status=200 tiempo_ms=166
2026-08-21T05:51:38.000Z WARN  [OrderService] Reintentando conexion con servicio externo status=202 tiempo_ms=749
2026-08-21T08:49:24.000Z INFO  [AuthService] Stock actualizado correctamente status=200 tiempo_ms=207
2026-08-21T08:56:20.000Z WARN  [PaymentGateway] Tiempo de respuesta elevado detectado status=200 tiempo_ms=246
2026-08-21T09:10:28.000Z INFO  [InventoryService] Usuario autenticado con exito status=200 tiempo_ms=203
2026-08-21T10:38:38.000Z INFO  [OrderService] Stock actualizado correctamente status=200 tiempo_ms=204
2026-08-21T13:46:42.000Z WARN  [InventoryService] Tiempo de respuesta elevado detectado status=408 tiempo_ms=306
2026-08-21T14:32:08.000Z WARN  [InventoryService] Cache expirado, recalculando valores status=202 tiempo_ms=350
2026-08-21T22:24:30.000Z WARN  [NotificationWorker] Tiempo de respuesta elevado detectado status=408 tiempo_ms=876
2026-08-21T23:38:37.000Z INFO  [NotificationWorker] Pedido creado sin incidencias status=201 tiempo_ms=91
2026-08-22T01:44:59.000Z INFO  [AuthService] Usuario autenticado con exito status=200 tiempo_ms=46
2026-08-22T06:36:07.000Z INFO  [NotificationWorker] Stock actualizado correctamente status=200 tiempo_ms=184
2026-08-22T07:28:51.000Z INFO  [NotificationWorker] Pedido creado sin incidencias status=200 tiempo_ms=49
2026-08-22T15:33:43.000Z INFO  [PaymentGateway] Solicitud procesada correctamente status=200 tiempo_ms=76
2026-08-22T16:59:09.000Z INFO  [AuthService] Notificacion enviada al usuario status=201 tiempo_ms=129
2026-08-22T19:41:10.000Z INFO  [NotificationWorker] Stock actualizado correctamente status=201 tiempo_ms=49
2026-08-22T22:56:12.000Z ERROR [InventoryService] Excepcion no controlada al procesar el pedido status=503 tiempo_ms=2214
2026-08-23T02:55:46.000Z ERROR [OrderService] Excepcion no controlada al procesar el pedido status=500 tiempo_ms=2699
2026-08-23T06:04:10.000Z INFO  [OrderService] Solicitud procesada correctamente status=201 tiempo_ms=172
2026-08-23T06:38:49.000Z INFO  [NotificationWorker] Stock actualizado correctamente status=200 tiempo_ms=175
2026-08-23T11:19:55.000Z WARN  [PaymentGateway] Tiempo de respuesta elevado detectado status=200 tiempo_ms=850
2026-08-23T12:55:26.000Z INFO  [AuthService] Solicitud procesada correctamente status=200 tiempo_ms=125
2026-08-23T14:26:39.000Z INFO  [NotificationWorker] Stock actualizado correctamente status=200 tiempo_ms=33
2026-08-23T15:46:07.000Z INFO  [OrderService] Usuario autenticado con exito status=201 tiempo_ms=132
2026-08-23T19:13:13.000Z WARN  [InventoryService] Tiempo de respuesta elevado detectado status=200 tiempo_ms=505
2026-08-23T23:57:54.000Z ERROR [InventoryService] Fallo al conectar con la base de datos status=503 tiempo_ms=1669
2026-08-24T04:26:45.000Z ERROR [InventoryService] Fallo al conectar con la base de datos status=500 tiempo_ms=2706
2026-08-24T14:00:52.000Z WARN  [PaymentGateway] Tiempo de respuesta elevado detectado status=408 tiempo_ms=847
2026-08-24T14:54:23.000Z WARN  [NotificationWorker] Tiempo de respuesta elevado detectado status=408 tiempo_ms=677
2026-08-24T16:55:42.000Z INFO  [NotificationWorker] Notificacion enviada al usuario status=200 tiempo_ms=80
2026-08-24T20:16:26.000Z INFO  [AuthService] Usuario autenticado con exito status=200 tiempo_ms=130
2026-08-24T21:14:58.000Z INFO  [AuthService] Notificacion enviada al usuario status=201 tiempo_ms=217
2026-08-24T21:34:46.000Z INFO  [OrderService] Usuario autenticado con exito status=201 tiempo_ms=78
2026-08-25T03:54:44.000Z INFO  [OrderService] Pago confirmado por el proveedor status=200 tiempo_ms=55
2026-08-25T07:57:01.000Z INFO  [OrderService] Pago confirmado por el proveedor status=200 tiempo_ms=198
2026-08-25T08:45:26.000Z INFO  [PaymentGateway] Stock actualizado correctamente status=201 tiempo_ms=213
2026-08-25T16:31:58.000Z INFO  [NotificationWorker] Usuario autenticado con exito status=200 tiempo_ms=79
2026-08-25T16:40:45.000Z INFO  [AuthService] Pago confirmado por el proveedor status=200 tiempo_ms=158
2026-08-26T02:22:55.000Z INFO  [AuthService] Usuario autenticado con exito status=200 tiempo_ms=18
2026-08-26T04:33:47.000Z WARN  [PaymentGateway] Tiempo de respuesta elevado detectado status=200 tiempo_ms=508
2026-08-26T08:27:02.000Z INFO  [OrderService] Notificacion enviada al usuario status=201 tiempo_ms=77
2026-08-26T10:57:59.000Z INFO  [PaymentGateway] Notificacion enviada al usuario status=200 tiempo_ms=218
2026-08-26T13:43:42.000Z WARN  [InventoryService] Reintentando conexion con servicio externo status=202 tiempo_ms=577
2026-08-26T15:54:52.000Z ERROR [NotificationWorker] Timeout esperando respuesta del proveedor de pago status=500 tiempo_ms=2590
2026-08-26T17:40:25.000Z INFO  [NotificationWorker] Stock actualizado correctamente status=201 tiempo_ms=203
2026-08-26T21:03:56.000Z INFO  [AuthService] Pago confirmado por el proveedor status=200 tiempo_ms=107
2026-08-27T02:30:59.000Z WARN  [NotificationWorker] Reintentando conexion con servicio externo status=200 tiempo_ms=860
2026-08-27T08:34:23.000Z INFO  [PaymentGateway] Solicitud procesada correctamente status=200 tiempo_ms=84
2026-08-27T11:59:54.000Z ERROR [NotificationWorker] Excepcion no controlada al procesar el pedido status=503 tiempo_ms=2789
2026-08-27T14:27:46.000Z INFO  [NotificationWorker] Pago confirmado por el proveedor status=200 tiempo_ms=82
2026-08-27T21:31:52.000Z ERROR [AuthService] Excepcion no controlada al procesar el pedido status=503 tiempo_ms=2221
2026-08-28T02:45:29.000Z WARN  [InventoryService] Reintentando conexion con servicio externo status=408 tiempo_ms=555
2026-08-28T05:27:09.000Z INFO  [NotificationWorker] Usuario autenticado con exito status=200 tiempo_ms=188
2026-08-28T06:03:55.000Z ERROR [InventoryService] Fallo al conectar con la base de datos status=503 tiempo_ms=1809
2026-08-28T10:00:57.000Z INFO  [NotificationWorker] Pago confirmado por el proveedor status=200 tiempo_ms=153
2026-08-28T10:44:58.000Z WARN  [NotificationWorker] Tiempo de respuesta elevado detectado status=200 tiempo_ms=894
2026-08-28T15:44:17.000Z ERROR [AuthService] Excepcion no controlada al procesar el pedido status=500 tiempo_ms=2760
2026-08-28T17:54:18.000Z ERROR [InventoryService] Excepcion no controlada al procesar el pedido status=502 tiempo_ms=1262
2026-08-28T18:24:47.000Z INFO  [NotificationWorker] Pedido creado sin incidencias status=200 tiempo_ms=28
2026-08-28T20:39:11.000Z INFO  [NotificationWorker] Pago confirmado por el proveedor status=201 tiempo_ms=74
2026-08-28T21:34:38.000Z INFO  [NotificationWorker] Pago confirmado por el proveedor status=201 tiempo_ms=93
2026-08-29T03:28:44.000Z ERROR [InventoryService] Timeout esperando respuesta del proveedor de pago status=502 tiempo_ms=936
2026-08-29T03:30:26.000Z INFO  [AuthService] Notificacion enviada al usuario status=200 tiempo_ms=199
2026-08-29T04:27:22.000Z WARN  [InventoryService] Reintentando conexion con servicio externo status=202 tiempo_ms=674
2026-08-29T04:56:55.000Z INFO  [AuthService] Pedido creado sin incidencias status=200 tiempo_ms=196
2026-08-29T05:39:09.000Z INFO  [PaymentGateway] Pedido creado sin incidencias status=201 tiempo_ms=160
2026-08-29T07:15:44.000Z INFO  [AuthService] Stock actualizado correctamente status=201 tiempo_ms=110
2026-08-29T08:38:02.000Z INFO  [PaymentGateway] Stock actualizado correctamente status=201 tiempo_ms=44
2026-08-29T09:01:18.000Z WARN  [NotificationWorker] Cache expirado, recalculando valores status=202 tiempo_ms=333
2026-08-29T09:22:24.000Z INFO  [InventoryService] Pedido creado sin incidencias status=201 tiempo_ms=76
2026-08-29T09:41:46.000Z WARN  [NotificationWorker] Tiempo de respuesta elevado detectado status=202 tiempo_ms=847
2026-08-29T11:33:03.000Z INFO  [OrderService] Pedido creado sin incidencias status=201 tiempo_ms=104
2026-08-29T13:12:44.000Z INFO  [PaymentGateway] Stock actualizado correctamente status=201 tiempo_ms=90
2026-08-29T19:05:25.000Z INFO  [OrderService] Usuario autenticado con exito status=201 tiempo_ms=172
2026-08-29T21:27:51.000Z INFO  [PaymentGateway] Usuario autenticado con exito status=201 tiempo_ms=52
2026-08-29T23:33:56.000Z ERROR [PaymentGateway] Timeout esperando respuesta del proveedor de pago status=503 tiempo_ms=2371
2026-08-30T01:22:04.000Z INFO  [OrderService] Pago confirmado por el proveedor status=200 tiempo_ms=173
2026-08-30T08:53:25.000Z INFO  [NotificationWorker] Solicitud procesada correctamente status=200 tiempo_ms=147
2026-08-30T14:12:02.000Z INFO  [InventoryService] Pago confirmado por el proveedor status=201 tiempo_ms=113
2026-08-30T23:59:38.000Z ERROR [AuthService] Timeout esperando respuesta del proveedor de pago status=502 tiempo_ms=1905
2026-08-31T07:31:34.000Z INFO  [NotificationWorker] Usuario autenticado con exito status=200 tiempo_ms=167
2026-08-31T09:58:53.000Z INFO  [AuthService] Usuario autenticado con exito status=200 tiempo_ms=210
2026-08-31T14:26:51.000Z ERROR [NotificationWorker] Excepcion no controlada al procesar el pedido status=502 tiempo_ms=1046
2026-08-31T15:41:22.000Z INFO  [PaymentGateway] Notificacion enviada al usuario status=200 tiempo_ms=93
2026-08-31T19:47:04.000Z ERROR [PaymentGateway] Fallo al conectar con la base de datos status=500 tiempo_ms=656
2026-08-31T20:20:16.000Z ERROR [InventoryService] Timeout esperando respuesta del proveedor de pago status=500 tiempo_ms=2018
2026-08-31T21:29:08.000Z INFO  [InventoryService] Usuario autenticado con exito status=200 tiempo_ms=91
2026-09-01T04:35:44.000Z INFO  [PaymentGateway] Pago confirmado por el proveedor status=200 tiempo_ms=209
2026-09-01T10:10:04.000Z INFO  [OrderService] Pedido creado sin incidencias status=200 tiempo_ms=137
2026-09-01T11:28:38.000Z INFO  [PaymentGateway] Solicitud procesada correctamente status=200 tiempo_ms=114
2026-09-01T12:58:26.000Z INFO  [AuthService] Solicitud procesada correctamente status=200 tiempo_ms=196
2026-09-01T13:30:11.000Z ERROR [AuthService] Timeout esperando respuesta del proveedor de pago status=502 tiempo_ms=2602
2026-09-01T19:50:59.000Z INFO  [PaymentGateway] Solicitud procesada correctamente status=200 tiempo_ms=126
2026-09-01T21:38:48.000Z WARN  [AuthService] Cache expirado, recalculando valores status=202 tiempo_ms=627
2026-09-02T01:34:59.000Z INFO  [PaymentGateway] Pedido creado sin incidencias status=201 tiempo_ms=197
2026-09-02T02:08:20.000Z INFO  [InventoryService] Usuario autenticado con exito status=200 tiempo_ms=153
2026-09-02T13:30:47.000Z INFO  [InventoryService] Usuario autenticado con exito status=201 tiempo_ms=91
2026-09-02T13:42:26.000Z ERROR [InventoryService] Fallo al conectar con la base de datos status=502 tiempo_ms=1325
2026-09-02T14:39:42.000Z ERROR [AuthService] Excepcion no controlada al procesar el pedido status=500 tiempo_ms=2797
2026-09-02T15:16:16.000Z WARN  [NotificationWorker] Tiempo de respuesta elevado detectado status=408 tiempo_ms=769
2026-09-02T16:47:42.000Z WARN  [NotificationWorker] Reintentando conexion con servicio externo status=408 tiempo_ms=719
2026-09-02T17:01:18.000Z INFO  [InventoryService] Solicitud procesada correctamente status=200 tiempo_ms=119
2026-09-02T18:17:43.000Z ERROR [OrderService] Excepcion no controlada al procesar el pedido status=503 tiempo_ms=1451
2026-09-02T18:47:48.000Z INFO  [OrderService] Solicitud procesada correctamente status=200 tiempo_ms=210
2026-09-02T21:27:45.000Z INFO  [NotificationWorker] Usuario autenticado con exito status=200 tiempo_ms=202
2026-09-03T03:23:29.000Z WARN  [InventoryService] Tiempo de respuesta elevado detectado status=408 tiempo_ms=864
2026-09-03T08:58:33.000Z INFO  [PaymentGateway] Stock actualizado correctamente status=200 tiempo_ms=60
2026-09-03T10:15:28.000Z WARN  [NotificationWorker] Reintentando conexion con servicio externo status=408 tiempo_ms=435
2026-09-03T11:09:54.000Z ERROR [OrderService] Fallo al conectar con la base de datos status=502 tiempo_ms=947
2026-09-03T11:34:11.000Z INFO  [NotificationWorker] Usuario autenticado con exito status=200 tiempo_ms=214
2026-09-03T11:36:55.000Z WARN  [InventoryService] Reintentando conexion con servicio externo status=202 tiempo_ms=328
2026-09-03T11:41:06.000Z INFO  [InventoryService] Pedido creado sin incidencias status=200 tiempo_ms=208
2026-09-03T12:11:12.000Z INFO  [OrderService] Usuario autenticado con exito status=200 tiempo_ms=146
2026-09-03T13:38:53.000Z INFO  [AuthService] Notificacion enviada al usuario status=201 tiempo_ms=84
2026-09-03T14:12:49.000Z INFO  [OrderService] Usuario autenticado con exito status=201 tiempo_ms=182
2026-09-03T20:23:24.000Z INFO  [NotificationWorker] Stock actualizado correctamente status=200 tiempo_ms=42
2026-09-03T20:53:08.000Z INFO  [InventoryService] Pedido creado sin incidencias status=200 tiempo_ms=24
2026-09-04T00:06:19.000Z INFO  [NotificationWorker] Notificacion enviada al usuario status=200 tiempo_ms=77
2026-09-04T02:18:34.000Z INFO  [InventoryService] Pago confirmado por el proveedor status=201 tiempo_ms=156
2026-09-04T08:09:06.000Z INFO  [OrderService] Pago confirmado por el proveedor status=200 tiempo_ms=75
2026-09-04T08:37:38.000Z INFO  [PaymentGateway] Stock actualizado correctamente status=200 tiempo_ms=167
2026-09-04T10:36:25.000Z INFO  [OrderService] Usuario autenticado con exito status=201 tiempo_ms=36
2026-09-04T12:44:10.000Z INFO  [InventoryService] Notificacion enviada al usuario status=201 tiempo_ms=151
2026-09-04T13:51:37.000Z INFO  [PaymentGateway] Solicitud procesada correctamente status=200 tiempo_ms=163
2026-09-04T17:09:39.000Z INFO  [PaymentGateway] Pago confirmado por el proveedor status=200 tiempo_ms=120
2026-09-04T19:44:14.000Z INFO  [PaymentGateway] Stock actualizado correctamente status=200 tiempo_ms=19
2026-09-04T20:18:04.000Z INFO  [OrderService] Usuario autenticado con exito status=200 tiempo_ms=202
2026-09-04T20:53:45.000Z INFO  [NotificationWorker] Stock actualizado correctamente status=201 tiempo_ms=18
2026-09-04T20:59:45.000Z INFO  [AuthService] Solicitud procesada correctamente status=200 tiempo_ms=167
2026-09-04T22:48:55.000Z ERROR [PaymentGateway] Timeout esperando respuesta del proveedor de pago status=503 tiempo_ms=1291
2026-09-05T02:56:08.000Z INFO  [PaymentGateway] Pedido creado sin incidencias status=200 tiempo_ms=129
2026-09-05T04:25:39.000Z INFO  [NotificationWorker] Stock actualizado correctamente status=200 tiempo_ms=100
2026-09-05T07:47:13.000Z INFO  [AuthService] Notificacion enviada al usuario status=200 tiempo_ms=32
